+----------------------------------------------------------------------+
|  OpenHands SDK v1.31.1                                               |
|                                                                      |
|  Report a bug: github.com/OpenHands/software-agent-sdk/issues        |
|  Get help: openhands.dev/joinslack                                   |
|  Scale up: openhands.dev/product/sdk                                 |
|                                                                      |
|  Set OPENHANDS_SUPPRESS_BANNER=1 to hide this message                |
+----------------------------------------------------------------------+

[09/22/26 15:34:51] INFO     Received session ID:         streamable_http.py:181
                             79da31183ce74bd1a7db122e4fc8                       
                             398d                                               
[09/22/26 15:34:51] INFO     Negotiated protocol version: streamable_http.py:193
                             2025-03-26                                         
[09/22/26 15:34:51] INFO     Received session ID:         streamable_http.py:181
                             9e0eb10b9eb2413a9189c4c9328b                       
                             fd62                                               
[09/22/26 15:34:51] INFO     Received session ID:         streamable_http.py:181
                             9ee1c76e4ffb46378767b04a2ecd                       
                             a9b7                                               
[09/22/26 15:34:51] INFO     Negotiated protocol version: streamable_http.py:193
                             2025-03-26                                         
[09/22/26 15:34:51] INFO     Received session ID:         streamable_http.py:181
                             fefe29d0a29e4f0b8011ce5e8771                       
                             7dd9                                               
[09/22/26 15:34:51] INFO     Negotiated protocol version: streamable_http.py:193
                             2025-03-26                                         
[09/22/26 15:34:51] INFO     Negotiated protocol version: streamable_http.py:193
                             2025-03-26                                         
[09/22/26 15:34:55] INFO     GET stream disconnected,     streamable_http.py:298
                             reconnecting in 1000ms...                          
{"passed": true, "search_calls": 4, "read_calls": 1, "client_peak_overlap": 4, "report": "/home/qiulin/flowpilot_predictor/evidence/retrieval/native_smoke_20260922/report.json"}
